[debug] [2026-08-18T12:05:23.726Z] ----------------------------------------------------------------------
[debug] [2026-08-18T12:05:23.729Z] Command:       /opt/homebrew/Cellar/node/23.6.0/bin/node /opt/homebrew/bin/firebase deploy --only functions
[debug] [2026-08-18T12:05:23.730Z] CLI Version:   15.1.0
[debug] [2026-08-18T12:05:23.730Z] Platform:      darwin
[debug] [2026-08-18T12:05:23.730Z] Node Version:  v23.6.0
[debug] [2026-08-18T12:05:23.730Z] Time:          Tue Aug 18 2026 14:05:23 GMT+0200 (heure d’été d’Europe centrale)
[debug] [2026-08-18T12:05:23.730Z] ----------------------------------------------------------------------
[debug] 
[debug] [2026-08-18T12:05:24.669Z] > command requires scopes: ["email","openid","https://www.googleapis.com/auth/cloudplatformprojects.readonly","https://www.googleapis.com/auth/firebase","https://www.googleapis.com/auth/cloud-platform"]
[debug] [2026-08-18T12:05:24.669Z] > authorizing via signed-in user (bechagraamine@gmail.com)
[debug] [2026-08-18T12:05:24.669Z] [iam] checking project collabzzinflu for permissions ["cloudfunctions.functions.create","cloudfunctions.functions.delete","cloudfunctions.functions.get","cloudfunctions.functions.list","cloudfunctions.functions.update","cloudfunctions.operations.get","firebase.projects.get"]
[debug] [2026-08-18T12:05:24.670Z] Checked if tokens are valid: true, expires at: 1787055828693
[debug] [2026-08-18T12:05:24.670Z] Checked if tokens are valid: true, expires at: 1787055828693
[debug] [2026-08-18T12:05:24.670Z] >>> [apiv2][query] POST https://cloudresourcemanager.googleapis.com/v1/projects/collabzzinflu:testIamPermissions [none]
[debug] [2026-08-18T12:05:24.670Z] >>> [apiv2][(partial)header] POST https://cloudresourcemanager.googleapis.com/v1/projects/collabzzinflu:testIamPermissions x-goog-quota-user=projects/collabzzinflu
[debug] [2026-08-18T12:05:24.670Z] >>> [apiv2][body] POST https://cloudresourcemanager.googleapis.com/v1/projects/collabzzinflu:testIamPermissions {"permissions":["cloudfunctions.functions.create","cloudfunctions.functions.delete","cloudfunctions.functions.get","cloudfunctions.functions.list","cloudfunctions.functions.update","cloudfunctions.operations.get","firebase.projects.get"]}
[debug] [2026-08-18T12:05:25.380Z] <<< [apiv2][status] POST https://cloudresourcemanager.googleapis.com/v1/projects/collabzzinflu:testIamPermissions 200
[debug] [2026-08-18T12:05:25.380Z] <<< [apiv2][body] POST https://cloudresourcemanager.googleapis.com/v1/projects/collabzzinflu:testIamPermissions {"permissions":["cloudfunctions.functions.create","cloudfunctions.functions.delete","cloudfunctions.functions.get","cloudfunctions.functions.list","cloudfunctions.functions.update","cloudfunctions.operations.get","firebase.projects.get"]}
[debug] [2026-08-18T12:05:25.380Z] Checked if tokens are valid: true, expires at: 1787055828693
[debug] [2026-08-18T12:05:25.380Z] Checked if tokens are valid: true, expires at: 1787055828693
[debug] [2026-08-18T12:05:25.380Z] >>> [apiv2][query] POST https://iam.googleapis.com/v1/projects/collabzzinflu/serviceAccounts/collabzzinflu@appspot.gserviceaccount.com:testIamPermissions [none]
[debug] [2026-08-18T12:05:25.380Z] >>> [apiv2][body] POST https://iam.googleapis.com/v1/projects/collabzzinflu/serviceAccounts/collabzzinflu@appspot.gserviceaccount.com:testIamPermissions {"permissions":["iam.serviceAccounts.actAs"]}
[debug] [2026-08-18T12:05:25.599Z] <<< [apiv2][status] POST https://iam.googleapis.com/v1/projects/collabzzinflu/serviceAccounts/collabzzinflu@appspot.gserviceaccount.com:testIamPermissions 200
[debug] [2026-08-18T12:05:25.599Z] <<< [apiv2][body] POST https://iam.googleapis.com/v1/projects/collabzzinflu/serviceAccounts/collabzzinflu@appspot.gserviceaccount.com:testIamPermissions {"permissions":["iam.serviceAccounts.actAs"]}
[info] 
[info] === Deploying to 'collabzzinflu'...
[info] 
[info] i  deploying functions 
[debug] [2026-08-18T12:05:25.604Z] Checked if tokens are valid: true, expires at: 1787055828693
[debug] [2026-08-18T12:05:25.604Z] Checked if tokens are valid: true, expires at: 1787055828693
[debug] [2026-08-18T12:05:25.604Z] >>> [apiv2][query] GET https://cloudresourcemanager.googleapis.com/v1/projects/collabzzinflu [none]
[debug] [2026-08-18T12:05:25.797Z] <<< [apiv2][status] GET https://cloudresourcemanager.googleapis.com/v1/projects/collabzzinflu 200
[debug] [2026-08-18T12:05:25.797Z] <<< [apiv2][body] GET https://cloudresourcemanager.googleapis.com/v1/projects/collabzzinflu {"projectNumber":"173621950184","projectId":"collabzzinflu","lifecycleState":"ACTIVE","name":"Collabzz","labels":{"firebase":"enabled","firebase-core":"disabled"},"createTime":"2025-11-07T12:00:43.537231Z"}
[info] i  functions: preparing codebase default for deployment 
[info] i  functions: ensuring required API cloudfunctions.googleapis.com is enabled... 
[info] i  functions: ensuring required API cloudbuild.googleapis.com is enabled... 
[info] i  artifactregistry: ensuring required API artifactregistry.googleapis.com is enabled... 
[debug] [2026-08-18T12:05:25.802Z] Checked if tokens are valid: true, expires at: 1787055828693
[debug] [2026-08-18T12:05:25.802Z] Checked if tokens are valid: true, expires at: 1787055828693
[debug] [2026-08-18T12:05:25.802Z] >>> [apiv2][query] GET https://firebase.googleapis.com/v1beta1/projects/collabzzinflu/adminSdkConfig [none]
[debug] [2026-08-18T12:05:26.343Z] <<< [apiv2][status] GET https://firebase.googleapis.com/v1beta1/projects/collabzzinflu/adminSdkConfig 200
[debug] [2026-08-18T12:05:26.343Z] <<< [apiv2][body] GET https://firebase.googleapis.com/v1beta1/projects/collabzzinflu/adminSdkConfig {"projectId":"collabzzinflu","storageBucket":"collabzzinflu.firebasestorage.app"}
[debug] [2026-08-18T12:05:26.346Z] Customer code is not Node
[debug] [2026-08-18T12:05:26.346Z] Validating python source
[debug] [2026-08-18T12:05:26.346Z] Building python source
[info] i  functions: Loading and analyzing source code for codebase default to determine what to deploy 
[debug] [2026-08-18T12:05:26.347Z] Could not find functions.yaml. Must use http discovery
[debug] [2026-08-18T12:05:26.356Z] Running command with virtualenv: command=., args=["\"/Users/amine/Desktop/React-Website/functions/venv/bin/activate\"","&&","python3.11","-c","\"import firebase_functions; import os; print(os.path.dirname(firebase_functions.__file__))\""]
[debug] [2026-08-18T12:05:27.310Z] stdout: /Users/amine/Desktop/React-Website/functions/venv/lib/python3.11/site-packages/firebase_functions

[debug] [2026-08-18T12:05:27.320Z] Running admin server with args: ["python3.11","\"/Users/amine/Desktop/React-Website/functions/venv/lib/python3.11/site-packages/firebase_functions/private/serving.py\""] and env: {"FIREBASE_CONFIG":"{\"projectId\":\"collabzzinflu\",\"storageBucket\":\"collabzzinflu.firebasestorage.app\"}","GCLOUD_PROJECT":"collabzzinflu","GOOGLE_CLOUD_QUOTA_PROJECT":"collabzzinflu","ADMIN_PORT":"8081"} in /Users/amine/Desktop/React-Website/functions
[debug] [2026-08-18T12:05:27.321Z] Running command with virtualenv: command=., args=["\"/Users/amine/Desktop/React-Website/functions/venv/bin/activate\"","&&","python3.11","\"/Users/amine/Desktop/React-Website/functions/venv/lib/python3.11/site-packages/firebase_functions/private/serving.py\""]
[debug] [2026-08-18T12:05:37.375Z] Failed to call quitquitquit. This often means the server failed to start request to http://127.0.0.1:8081/__/quitquitquit failed, reason: connect ECONNREFUSED 127.0.0.1:8081 {"message":"request to http://127.0.0.1:8081/__/quitquitquit failed, reason: connect ECONNREFUSED 127.0.0.1:8081","type":"system","errno":"ECONNREFUSED","code":"ECONNREFUSED"}
[info]  * Serving Flask app 'serving'
 * Debug mode: off

[error] WARNING: This is a development server. Do not use it in a production deployment. Use a production WSGI server instead.
 * Running on http://127.0.0.1:8081

[error] Press CTRL+C to quit

[debug] [2026-08-18T12:12:07.762Z] ----------------------------------------------------------------------
[debug] [2026-08-18T12:12:07.766Z] Command:       /opt/homebrew/Cellar/node/23.6.0/bin/node /opt/homebrew/bin/firebase deploy --only functions --project collabzzinflu
[debug] [2026-08-18T12:12:07.766Z] CLI Version:   15.1.0
[debug] [2026-08-18T12:12:07.766Z] Platform:      darwin
[debug] [2026-08-18T12:12:07.767Z] Node Version:  v23.6.0
[debug] [2026-08-18T12:12:07.767Z] Time:          Tue Aug 18 2026 14:12:07 GMT+0200 (heure d’été d’Europe centrale)
[debug] [2026-08-18T12:12:07.767Z] ----------------------------------------------------------------------
[debug] 
[debug] [2026-08-18T12:12:09.840Z] > command requires scopes: ["email","openid","https://www.googleapis.com/auth/cloudplatformprojects.readonly","https://www.googleapis.com/auth/firebase","https://www.googleapis.com/auth/cloud-platform"]
[debug] [2026-08-18T12:12:09.842Z] > authorizing via signed-in user (bechagraamine@gmail.com)
[debug] [2026-08-18T12:12:09.842Z] [iam] checking project collabzzinflu for permissions ["cloudfunctions.functions.create","cloudfunctions.functions.delete","cloudfunctions.functions.get","cloudfunctions.functions.list","cloudfunctions.functions.update","cloudfunctions.operations.get","firebase.projects.get"]
[debug] [2026-08-18T12:12:09.844Z] Checked if tokens are valid: false, expires at: 1787055828693
[debug] [2026-08-18T12:12:09.844Z] Checked if tokens are valid: false, expires at: 1787055828693
[debug] [2026-08-18T12:12:09.844Z] > refreshing access token with scopes: []
[debug] [2026-08-18T12:12:09.847Z] >>> [apiv2][query] POST https://www.googleapis.com/oauth2/v3/token [none]
[debug] [2026-08-18T12:12:09.847Z] >>> [apiv2][body] POST https://www.googleapis.com/oauth2/v3/token [omitted]
[debug] [2026-08-18T12:12:09.984Z] <<< [apiv2][status] POST https://www.googleapis.com/oauth2/v3/token 200
[debug] [2026-08-18T12:12:09.984Z] <<< [apiv2][body] POST https://www.googleapis.com/oauth2/v3/token [omitted]
[debug] [2026-08-18T12:12:09.999Z] >>> [apiv2][query] POST https://cloudresourcemanager.googleapis.com/v1/projects/collabzzinflu:testIamPermissions [none]
[debug] [2026-08-18T12:12:09.999Z] >>> [apiv2][(partial)header] POST https://cloudresourcemanager.googleapis.com/v1/projects/collabzzinflu:testIamPermissions x-goog-quota-user=projects/collabzzinflu
[debug] [2026-08-18T12:12:09.999Z] >>> [apiv2][body] POST https://cloudresourcemanager.googleapis.com/v1/projects/collabzzinflu:testIamPermissions {"permissions":["cloudfunctions.functions.create","cloudfunctions.functions.delete","cloudfunctions.functions.get","cloudfunctions.functions.list","cloudfunctions.functions.update","cloudfunctions.operations.get","firebase.projects.get"]}
[debug] [2026-08-18T12:12:10.654Z] <<< [apiv2][status] POST https://cloudresourcemanager.googleapis.com/v1/projects/collabzzinflu:testIamPermissions 200
[debug] [2026-08-18T12:12:10.654Z] <<< [apiv2][body] POST https://cloudresourcemanager.googleapis.com/v1/projects/collabzzinflu:testIamPermissions {"permissions":["cloudfunctions.functions.create","cloudfunctions.functions.delete","cloudfunctions.functions.get","cloudfunctions.functions.list","cloudfunctions.functions.update","cloudfunctions.operations.get","firebase.projects.get"]}
[debug] [2026-08-18T12:12:10.655Z] Checked if tokens are valid: true, expires at: 1787058728984
[debug] [2026-08-18T12:12:10.655Z] Checked if tokens are valid: true, expires at: 1787058728984
[debug] [2026-08-18T12:12:10.655Z] >>> [apiv2][query] POST https://iam.googleapis.com/v1/projects/collabzzinflu/serviceAccounts/collabzzinflu@appspot.gserviceaccount.com:testIamPermissions [none]
[debug] [2026-08-18T12:12:10.655Z] >>> [apiv2][body] POST https://iam.googleapis.com/v1/projects/collabzzinflu/serviceAccounts/collabzzinflu@appspot.gserviceaccount.com:testIamPermissions {"permissions":["iam.serviceAccounts.actAs"]}
[debug] [2026-08-18T12:12:11.368Z] <<< [apiv2][status] POST https://iam.googleapis.com/v1/projects/collabzzinflu/serviceAccounts/collabzzinflu@appspot.gserviceaccount.com:testIamPermissions 200
[debug] [2026-08-18T12:12:11.369Z] <<< [apiv2][body] POST https://iam.googleapis.com/v1/projects/collabzzinflu/serviceAccounts/collabzzinflu@appspot.gserviceaccount.com:testIamPermissions {"permissions":["iam.serviceAccounts.actAs"]}
[info] 
[info] === Deploying to 'collabzzinflu'...
[info] 
[info] i  deploying functions 
[debug] [2026-08-18T12:12:11.374Z] Checked if tokens are valid: true, expires at: 1787058728984
[debug] [2026-08-18T12:12:11.375Z] Checked if tokens are valid: true, expires at: 1787058728984
[debug] [2026-08-18T12:12:11.375Z] >>> [apiv2][query] GET https://cloudresourcemanager.googleapis.com/v1/projects/collabzzinflu [none]
[debug] [2026-08-18T12:12:11.564Z] <<< [apiv2][status] GET https://cloudresourcemanager.googleapis.com/v1/projects/collabzzinflu 200
[debug] [2026-08-18T12:12:11.565Z] <<< [apiv2][body] GET https://cloudresourcemanager.googleapis.com/v1/projects/collabzzinflu {"projectNumber":"173621950184","projectId":"collabzzinflu","lifecycleState":"ACTIVE","name":"Collabzz","labels":{"firebase":"enabled","firebase-core":"disabled"},"createTime":"2025-11-07T12:00:43.537231Z"}
[info] i  functions: preparing codebase default for deployment 
[info] i  functions: ensuring required API cloudfunctions.googleapis.com is enabled... 
[info] i  functions: ensuring required API cloudbuild.googleapis.com is enabled... 
[info] i  artifactregistry: ensuring required API artifactregistry.googleapis.com is enabled... 
[debug] [2026-08-18T12:12:11.568Z] Checked if tokens are valid: true, expires at: 1787058728984
[debug] [2026-08-18T12:12:11.568Z] Checked if tokens are valid: true, expires at: 1787058728984
[debug] [2026-08-18T12:12:11.569Z] >>> [apiv2][query] GET https://firebase.googleapis.com/v1beta1/projects/collabzzinflu/adminSdkConfig [none]
[debug] [2026-08-18T12:12:12.165Z] <<< [apiv2][status] GET https://firebase.googleapis.com/v1beta1/projects/collabzzinflu/adminSdkConfig 200
[debug] [2026-08-18T12:12:12.165Z] <<< [apiv2][body] GET https://firebase.googleapis.com/v1beta1/projects/collabzzinflu/adminSdkConfig {"projectId":"collabzzinflu","storageBucket":"collabzzinflu.firebasestorage.app"}
[debug] [2026-08-18T12:12:12.167Z] Customer code is not Node
[debug] [2026-08-18T12:12:12.168Z] Validating python source
[debug] [2026-08-18T12:12:12.168Z] Building python source
[info] i  functions: Loading and analyzing source code for codebase default to determine what to deploy 
[debug] [2026-08-18T12:12:12.170Z] Could not find functions.yaml. Must use http discovery
[debug] [2026-08-18T12:12:12.182Z] Running command with virtualenv: command=., args=["\"/Users/amine/Desktop/React-Website/functions/venv/bin/activate\"","&&","python3.11","-c","\"import firebase_functions; import os; print(os.path.dirname(firebase_functions.__file__))\""]
[debug] [2026-08-18T12:12:15.045Z] stdout: /Users/amine/Desktop/React-Website/functions/venv/lib/python3.11/site-packages/firebase_functions

[debug] [2026-08-18T12:12:15.056Z] Running admin server with args: ["python3.11","\"/Users/amine/Desktop/React-Website/functions/venv/lib/python3.11/site-packages/firebase_functions/private/serving.py\""] and env: {"FIREBASE_CONFIG":"{\"projectId\":\"collabzzinflu\",\"storageBucket\":\"collabzzinflu.firebasestorage.app\"}","GCLOUD_PROJECT":"collabzzinflu","GOOGLE_CLOUD_QUOTA_PROJECT":"collabzzinflu","ADMIN_PORT":"8081"} in /Users/amine/Desktop/React-Website/functions
[debug] [2026-08-18T12:12:15.056Z] Running command with virtualenv: command=., args=["\"/Users/amine/Desktop/React-Website/functions/venv/bin/activate\"","&&","python3.11","\"/Users/amine/Desktop/React-Website/functions/venv/lib/python3.11/site-packages/firebase_functions/private/serving.py\""]
[debug] [2026-08-18T12:12:25.126Z] Failed to call quitquitquit. This often means the server failed to start request to http://127.0.0.1:8081/__/quitquitquit failed, reason: connect ECONNREFUSED 127.0.0.1:8081 {"message":"request to http://127.0.0.1:8081/__/quitquitquit failed, reason: connect ECONNREFUSED 127.0.0.1:8081","type":"system","errno":"ECONNREFUSED","code":"ECONNREFUSED"}
[info]  * Serving Flask app 'serving'
 * Debug mode: off

[error] WARNING: This is a development server. Do not use it in a production deployment. Use a production WSGI server instead.
 * Running on http://127.0.0.1:8081
Press CTRL+C to quit

